// Jest Snapshot v1, https://goo.gl/fbAQLP

exports[`HorizontalTable Component renders correctly 1`] = `
<DocumentFragment>
  <table
    class="w-full border-collapse rounded border border-black/10"
  >
    <thead
      class="border-b border-black/10 bg-second-accent font-bold text-text"
    >
      <tr>
        <th
          class="cursor-pointer p-3 text-left"
        >
          <div
            class="flex justify-between"
          >
            <p>
              Element ID
            </p>
          </div>
        </th>
        <th
          class="cursor-pointer p-3 text-left"
        >
          <div
            class="flex justify-between"
          >
            <p>
              Variable name
            </p>
          </div>
        </th>
        <th
          class="cursor-pointer p-3 text-left"
        >
          <div
            class="flex justify-between"
          >
            <p>
              Variable value
            </p>
          </div>
        </th>
        <th
          class="cursor-pointer p-3 text-left"
        >
          <div
            class="flex justify-between"
          >
            <p>
              Flow Scope Key
            </p>
          </div>
        </th>
        <th
          class="cursor-pointer p-3 text-left"
        >
          <div
            class="flex justify-between"
          >
            <p>
              Time created
            </p>
          </div>
        </th>
        <th
          class="cursor-pointer p-3 text-left"
        >
          <div
            class="flex justify-between"
          >
            <p>
              Option
            </p>
          </div>
        </th>
      </tr>
    </thead>
    <tbody
      aria-label="custom pagination table"
    >
      <tr
        class="border-b border-black/10 hover:bg-second-accent/10"
      >
        <td
          class="p-3"
        >
          <pre>
            multi-instance-process
          </pre>
        </td>
        <td
          class="p-3"
        >
          <pre>
            items
          </pre>
        </td>
        <td
          class="p-3"
        >
          <pre>
            [
  {
    "id": 1,
    "value": 10,
    "inCart": 10,
    "inStock": 20
  },
  {
    "id": 2,
    "value": 20,
    "inCart": 2,
    "inStock": 10
  }
]
          </pre>
        </td>
        <td
          class="p-3"
        >
          <pre>
            2251799813984108
          </pre>
        </td>
        <td
          class="p-3"
        >
          <pre>
            1696667765
          </pre>
        </td>
        <td
          class="p-3"
        >
          <pre>
            Show History
          </pre>
        </td>
      </tr>
      <tr
        class="border-b border-black/10 bg-second-accent hover:bg-second-accent/20"
      >
        <td
          class="p-3"
        >
          <pre>
            multi-instance-process
          </pre>
        </td>
        <td
          class="p-3"
        >
          <pre>
            isValid
          </pre>
        </td>
        <td
          class="p-3"
        >
          <pre>
            true
          </pre>
        </td>
        <td
          class="p-3"
        >
          <pre>
            2251799813984108
          </pre>
        </td>
        <td
          class="p-3"
        >
          <pre>
            1696667765
          </pre>
        </td>
        <td
          class="p-3"
        >
          <pre>
            Show History
          </pre>
        </td>
      </tr>
      <tr
        class="border-b border-black/10 hover:bg-second-accent/10"
      >
        <td
          class="p-3"
        >
          <pre>
            multi-instance-process
          </pre>
        </td>
        <td
          class="p-3"
        >
          <pre>
            total
          </pre>
        </td>
        <td
          class="p-3"
        >
          <pre>
            200
          </pre>
        </td>
        <td
          class="p-3"
        >
          <pre>
            2251799813984108
          </pre>
        </td>
        <td
          class="p-3"
        >
          <pre>
            1696667765
          </pre>
        </td>
        <td
          class="p-3"
        >
          <pre>
            Show History
          </pre>
        </td>
      </tr>
      <tr
        class="border-b border-black/10 bg-second-accent hover:bg-second-accent/20"
      >
        <td
          class="p-3"
        >
          <pre>
            another-multi-instance-process
          </pre>
        </td>
        <td
          class="p-3"
        >
          <pre>
            anotherVariable
          </pre>
        </td>
        <td
          class="p-3"
        >
          <pre>
            string
          </pre>
        </td>
        <td
          class="p-3"
        >
          <pre>
            2251799813984432
          </pre>
        </td>
        <td
          class="p-3"
        >
          <pre>
            1696667333
          </pre>
        </td>
        <td
          class="p-3"
        >
          <pre>
            Show History
          </pre>
        </td>
      </tr>
      <tr
        class="border-b border-black/10 hover:bg-second-accent/10"
      >
        <td
          class="p-3"
        >
          <pre>
            new-multi-instance-process
          </pre>
        </td>
        <td
          class="p-3"
        >
          <pre>
            kmean
          </pre>
        </td>
        <td
          class="p-3"
        >
          <pre>
            newValue
          </pre>
        </td>
        <td
          class="p-3"
        >
          <pre>
            2251799813984100
          </pre>
        </td>
        <td
          class="p-3"
        >
          <pre>
            1696667542
          </pre>
        </td>
        <td
          class="p-3"
        >
          <pre>
            Show History
          </pre>
        </td>
      </tr>
      <tr
        class="border-b border-black/10 bg-second-accent hover:bg-second-accent/20"
      >
        <td
          class="p-3"
        >
          <pre>
            sixth-multi-instance-process
          </pre>
        </td>
        <td
          class="p-3"
        >
          <pre>
            amp
          </pre>
        </td>
        <td
          class="p-3"
        >
          <pre>
            integer
          </pre>
        </td>
        <td
          class="p-3"
        >
          <pre>
            2251799813984642
          </pre>
        </td>
        <td
          class="p-3"
        >
          <pre>
            1696667164
          </pre>
        </td>
        <td
          class="p-3"
        >
          <pre>
            Show History
          </pre>
        </td>
      </tr>
      <tr
        class="border-b border-black/10 hover:bg-second-accent/10"
      >
        <td
          class="p-3"
        >
          <pre>
            multi-instance-process
          </pre>
        </td>
        <td
          class="p-3"
        >
          <pre>
            items
          </pre>
        </td>
        <td
          class="p-3"
        >
          <pre>
            [
  {
    "id": 1,
    "value": 10,
    "inCart": 10,
    "inStock": 20
  },
  {
    "id": 2,
    "value": 20,
    "inCart": 2,
    "inStock": 10
  }
]
          </pre>
        </td>
        <td
          class="p-3"
        >
          <pre>
            2251799813984108
          </pre>
        </td>
        <td
          class="p-3"
        >
          <pre>
            1696667765
          </pre>
        </td>
        <td
          class="p-3"
        >
          <pre>
            Show History
          </pre>
        </td>
      </tr>
      <tr
        class="border-b border-black/10 bg-second-accent hover:bg-second-accent/20"
      >
        <td
          class="p-3"
        >
          <pre>
            multi-instance-process
          </pre>
        </td>
        <td
          class="p-3"
        >
          <pre>
            isValid
          </pre>
        </td>
        <td
          class="p-3"
        >
          <pre>
            true
          </pre>
        </td>
        <td
          class="p-3"
        >
          <pre>
            2251799813984108
          </pre>
        </td>
        <td
          class="p-3"
        >
          <pre>
            1696667765
          </pre>
        </td>
        <td
          class="p-3"
        >
          <pre>
            Show History
          </pre>
        </td>
      </tr>
      <tr
        class="border-b border-black/10 hover:bg-second-accent/10"
      >
        <td
          class="p-3"
        >
          <pre>
            multi-instance-process
          </pre>
        </td>
        <td
          class="p-3"
        >
          <pre>
            total
          </pre>
        </td>
        <td
          class="p-3"
        >
          <pre>
            200
          </pre>
        </td>
        <td
          class="p-3"
        >
          <pre>
            2251799813984108
          </pre>
        </td>
        <td
          class="p-3"
        >
          <pre>
            1696667765
          </pre>
        </td>
        <td
          class="p-3"
        >
          <pre>
            Show History
          </pre>
        </td>
      </tr>
      <tr
        class="border-b border-black/10 bg-second-accent hover:bg-second-accent/20"
      >
        <td
          class="p-3"
        >
          <pre>
            another-multi-instance-process
          </pre>
        </td>
        <td
          class="p-3"
        >
          <pre>
            anotherVariable
          </pre>
        </td>
        <td
          class="p-3"
        >
          <pre>
            string
          </pre>
        </td>
        <td
          class="p-3"
        >
          <pre>
            2251799813984432
          </pre>
        </td>
        <td
          class="p-3"
        >
          <pre>
            1696667333
          </pre>
        </td>
        <td
          class="p-3"
        >
          <pre>
            Show History
          </pre>
        </td>
      </tr>
    </tbody>
    <tfoot>
      <tr>
        <td
          class="MuiTablePagination-root css-7ugj6v"
          colspan="6"
        >
          <div
            class="MuiTablePagination-toolbar"
          >
            <div
              class="MuiTablePagination-spacer"
            />
            <p
              class="MuiTablePagination-selectLabel"
              id=":r1:"
            >
              Rows per page:
            </p>
            <select
              aria-label="rows per page"
              aria-labelledby=":r1: :r0:"
              class="MuiTablePagination-select"
              id=":r0:"
            >
              <option
                class="MuiTablePagination-menuItem"
                value="5"
              >
                5
              </option>
              <option
                class="MuiTablePagination-menuItem"
                value="10"
              >
                10
              </option>
              <option
                class="MuiTablePagination-menuItem"
                value="15"
              >
                15
              </option>
              <option
                class="MuiTablePagination-menuItem"
                value="20"
              >
                20
              </option>
              <option
                class="MuiTablePagination-menuItem"
                value="25"
              >
                25
              </option>
              <option
                class="MuiTablePagination-menuItem"
                value="30"
              >
                30
              </option>
              <option
                class="MuiTablePagination-menuItem"
                value="-1"
              >
                All
              </option>
            </select>
            <p
              class="MuiTablePagination-displayedRows"
            >
              1–10 of 12
            </p>
            <div
              class="MuiTablePagination-actions"
            >
              <button
                aria-label="Go to first page"
                disabled=""
                title="Go to first page"
              >
                <span>
                  |⇽
                </span>
              </button>
              <button
                aria-label="Go to previous page"
                disabled=""
                title="Go to previous page"
              >
                <span>
                  ⇽
                </span>
              </button>
              <button
                aria-label="Go to next page"
                title="Go to next page"
              >
                <span>
                  ⇾
                </span>
              </button>
              <button
                aria-label="Go to last page"
                title="Go to last page"
              >
                <span>
                  ⇾|
                </span>
              </button>
            </div>
          </div>
        </td>
      </tr>
    </tfoot>
  </table>
</DocumentFragment>
`;

exports[`VerticalTable Component renders correctly 1`] = `
<DocumentFragment>
  <table
    class="w-full border-collapse rounded border border-black/10"
  >
    <tbody>
      <tr
        class="bg-second-accent hover:bg-second-accent/20"
      >
        <th
          class="border border-r-0 p-3 text-left"
        >
          Instance key
        </th>
        <td
          class="border border-l-0 p-3 text-left"
        >
          2251799813984108
        </td>
      </tr>
      <tr
        class="hover:bg-second-accent/10"
      >
        <th
          class="border border-r-0 p-3 text-left"
        >
          BPMN process ID
        </th>
        <td
          class="border border-l-0 p-3 text-left"
        >
          multi-instance-process
        </td>
      </tr>
      <tr
        class="bg-second-accent hover:bg-second-accent/20"
      >
        <th
          class="border border-r-0 p-3 text-left"
        >
          Version
        </th>
        <td
          class="border border-l-0 p-3 text-left"
        >
          1
        </td>
      </tr>
      <tr
        class="hover:bg-second-accent/10"
      >
        <th
          class="border border-r-0 p-3 text-left"
        >
          Process key
        </th>
        <td
          class="border border-l-0 p-3 text-left"
        >
          2251799813685249
        </td>
      </tr>
      <tr
        class="bg-second-accent hover:bg-second-accent/20"
      >
        <th
          class="border border-r-0 p-3 text-left"
        >
          State
        </th>
        <td
          class="border border-l-0 p-3 text-left"
        >
          ELEMENT_ACTIVATING
        </td>
      </tr>
      <tr
        class="hover:bg-second-accent/10"
      >
        <th
          class="border border-r-0 p-3 text-left"
        >
          Start time
        </th>
        <td
          class="border border-l-0 p-3 text-left"
        >
          1696667765
        </td>
      </tr>
      <tr
        class="bg-second-accent hover:bg-second-accent/20"
      >
        <th
          class="border border-r-0 p-3 text-left"
        >
          End time
        </th>
        <td
          class="border border-l-0 p-3 text-left"
        >
          1696667800
        </td>
      </tr>
    </tbody>
  </table>
</DocumentFragment>
`;
