// Jest Snapshot v1, https://goo.gl/fbAQLP

exports[`StyledButton Component renders correctly 1`] = `
<DocumentFragment>
  <button
    class="group/button hover:shadow-lg transition relative box-border text-accent hover:bg-hover active:bg-active rounded px-3 py-2"
  >
    <div
      class="transition-width absolute bottom-0 left-0 w-full transform rounded bg-accent duration-100"
      style="height: 0px;"
    />
    <span>
      Snapshot
    </span>
  </button>
</DocumentFragment>
`;
