// Jest Snapshot v1, https://goo.gl/fbAQLP

exports[`Navbar Component renders correctly 1`] = `
<DocumentFragment>
  <header
    class="fixed z-50 flex w-full items-center gap-5 border-b border-black/20 bg-background px-5"
  >
    <div>
      <div>
        ZEEVISION
      </div>
    </div>
    <div
      class="h-10 w-0 border-l border-black/30"
    />
    <div
      class="flex"
    >
      <button
        class="relative box-border text-accent hover:bg-hover active:bg-active rounded px-4 py-4"
      >
        <div
          class="transition-width absolute bottom-0 left-0 w-full transform rounded bg-accent duration-100"
          style="height: 0px;"
        />
        <span>
          <p>
            PROCESSES
          </p>
        </span>
      </button>
      <button
        class="relative box-border text-accent hover:bg-hover active:bg-active rounded px-4 py-4"
      >
        <div
          class="transition-width absolute bottom-0 left-0 w-full transform rounded bg-accent duration-100"
          style="height: 0px;"
        />
        <span>
          <p>
            INSTANCES
          </p>
        </span>
      </button>
      <button
        class="relative box-border text-accent hover:bg-hover active:bg-active rounded px-4 py-4"
      >
        <div
          class="transition-width absolute bottom-0 left-0 w-full transform rounded bg-accent duration-100"
          style="height: 0px;"
        />
        <span>
          <p>
            INCIDENTS
          </p>
        </span>
      </button>
      <button
        class="relative box-border text-accent hover:bg-hover active:bg-active rounded px-4 py-4"
      >
        <div
          class="transition-width absolute bottom-0 left-0 w-full transform rounded bg-accent duration-100"
          style="height: 0px;"
        />
        <span>
          <p>
            JOBS
          </p>
        </span>
      </button>
      <button
        class="relative box-border text-accent hover:bg-hover active:bg-active rounded px-4 py-4"
      >
        <div
          class="transition-width absolute bottom-0 left-0 w-full transform rounded bg-accent duration-100"
          style="height: 0px;"
        />
        <span>
          <p>
            MESSAGES
          </p>
        </span>
      </button>
      <button
        class="relative box-border text-accent hover:bg-hover active:bg-active rounded px-4 py-4"
      >
        <div
          class="transition-width absolute bottom-0 left-0 w-full transform rounded bg-accent duration-100"
          style="height: 0px;"
        />
        <span>
          <p>
            ERRORS
          </p>
        </span>
      </button>
    </div>
  </header>
</DocumentFragment>
`;
